errors

esdrujulo
 'esd', 'r', 'ujulo' ]

perrito
[ 'per', 'ri', 'to' ]

Estigarríbicondo
'Esti', 'gar', 'rí', 'bi', 'con', 'do' 

plenitud
ple', 'ni', 't', 'ud



centellear
[ 'cen', 'tel', 'le', 'ar' ]

terremoto
[ 'ter', 're', 'mo', 'to' ]



diciembre
'di', 'ciemb', 're'

[ 'ga', 'to' ]
[ 'ga', 'to' ]

atraco
at', 'ra', 'co'